// Jest Snapshot v1, https://goo.gl/fbAQLP

exports[`<Todo /> renders correctly - snapshot 1`] = `ReactWrapper {}`;
